---
http_interactions:
- request:
    method: get
    uri: https://username:password@api.gnip.com/accounts/foo/publishers/twitter/streams/track/dev/rules.json
    body:
      encoding: US-ASCII
      string: ''
    headers:
      Accept-Encoding:
      - gzip;q=1.0,deflate;q=0.6,identity;q=0.3
      Accept:
      - "*/*"
      User-Agent:
      - Ruby
  response:
    status:
      code: 200
      message: OK
    headers:
      Content-Type:
      - application/json
      Content-Length:
      - '12'
    body:
      encoding: UTF-8
      string: '{"rules":[]}'
    http_version: 
  recorded_at: Wed, 10 Jun 2015 18:59:18 GMT
- request:
    method: get
    uri: https://username:password@api.gnip.com/accounts/foo/publishers/twitter/streams/track/dev/rules.json
    body:
      encoding: US-ASCII
      string: ''
    headers:
      Accept-Encoding:
      - gzip;q=1.0,deflate;q=0.6,identity;q=0.3
      Accept:
      - "*/*"
      User-Agent:
      - Ruby
  response:
    status:
      code: 200
      message: OK
    headers:
      Content-Type:
      - application/json
      Content-Length:
      - '12'
    body:
      encoding: UTF-8
      string: '{"rules":[]}'
    http_version: 
  recorded_at: Wed, 10 Jun 2015 18:59:19 GMT
- request:
    method: post
    uri: https://username:password@api.gnip.com/accounts/foo/publishers/twitter/streams/track/dev/rules.json
    body:
      encoding: UTF-8
      string: '{"rules":[{"value":"#bar #foo","tag":"footag"}]}'
    headers:
      Accept-Encoding:
      - gzip;q=1.0,deflate;q=0.6,identity;q=0.3
      Accept:
      - "*/*"
      User-Agent:
      - Ruby
  response:
    status:
      code: 201
      message: Created
    headers:
      Content-Type:
      - application/json
      Content-Length:
      - '0'
    body:
      encoding: UTF-8
      string: ''
    http_version: 
  recorded_at: Wed, 10 Jun 2015 18:59:21 GMT
recorded_with: VCR 2.9.3
